[2025-11-09 17:17:08] [USER_LOGIN] User=Système Administrateur (1) | Connexion réussie - Rôle: Administrateur | EventID=52e2c125-7cf9-44e5-9178-977e1d7d2561
[2025-11-09 17:21:58] [USER_LOGIN] User=Système Administrateur (1) | Connexion réussie - Rôle: Administrateur | EventID=766a84e2-ef9f-4f3e-adf8-9d5244eb664c
[2025-11-09 17:24:29] [USER_LOGIN] User=Système Administrateur (1) | Connexion réussie - Rôle: Administrateur | EventID=6952278b-9109-4547-9d61-652b972f9da9
[2025-11-09 17:26:26] [USER_LOGOUT] User=Système Administrateur (1) | Déconnexion | EventID=1630552c-0987-42dd-b3ae-910f0024879a
[2025-11-10 09:22:01] [USER_LOGIN] User=jhonson jhonson (5) | Connexion réussie - Rôle: Enseignant | EventID=38633380-0d4c-4cda-973f-b04287516afd
[2025-11-10 10:46:50] [USER_LOGOUT] User=jhonson jhonson (5) | Déconnexion | EventID=b3def6d1-8d84-4402-b3de-00d6f0b45cd1
[2025-11-10 11:23:13] [USER_LOGIN] User=jhonson jhonson (5) | Connexion réussie - Rôle: Enseignant | EventID=0156d9e7-fb8a-4f97-b49a-4caa481dd8ed
[2025-11-10 11:23:26] [USER_LOGOUT] User=jhonson jhonson (5) | Déconnexion | EventID=0bc32fe4-41bc-441b-b297-f3aa737729b4
[2025-11-10 11:23:32] [USER_LOGIN] User=Système Administrateur (1) | Connexion réussie - Rôle: Administrateur | EventID=3e4bf3e6-b414-4199-b6a3-f6d8a8fcb160
[2025-11-10 11:23:41] [USER_LOGOUT] User=Système Administrateur (1) | Déconnexion | EventID=8afa578c-96ce-47b4-b507-c7984dac52b3
[2026-08-29 18:10:17] [USER_LOGIN] User=Système Administrateur (1) | Connexion réussie - Rôle: Administrateur | EventID=57db26b0-0cf2-4206-a9a0-cb7a38a364c4
[2026-08-29 18:10:30] [USER_LOGOUT] User=Système Administrateur (1) | Déconnexion | EventID=b4019df8-2163-4926-9f9b-7aefdc077cae
[2026-08-29 18:12:47] [USER_LOGIN] User=Système Administrateur (1) | Connexion réussie - Rôle: Administrateur | EventID=6349cfd9-3e5a-4d03-a9af-0d172e17822b
[2026-08-29 18:14:16] [USER_LOGOUT] User=Système Administrateur (1) | Déconnexion | EventID=0d12d381-5679-442a-af44-a239e05cfa1d
[2026-08-29 18:15:45] [USER_LOGIN] User=Système Administrateur (1) | Connexion réussie - Rôle: Administrateur | EventID=6e0fa322-9b8f-4ec2-a982-48a955ed417c
[2026-08-29 18:19:18] [USER_LOGOUT] User=Système Administrateur (1) | Déconnexion | EventID=98c0be1e-803f-4e8a-af6b-401cf33597d3
[2026-08-29 20:36:11] [USER_LOGIN] User=Système Administrateur (1) | Connexion réussie - Rôle: Administrateur | EventID=9f89a60d-b79b-45cf-a6b8-83460478d768
[2026-08-29 21:09:27] [USER_LOGIN] User=Système Administrateur (1) | Connexion réussie - Rôle: Administrateur | EventID=35386e30-9028-484a-b8c7-9dcea5f25004
[2026-08-29 21:09:53] [USER_LOGOUT] User=Système Administrateur (1) | Déconnexion | EventID=3804c92d-205f-4a42-a8de-dc80ecccc41c
[2026-08-29 21:17:13] [USER_LOGIN] User=Système Administrateur (1) | Connexion réussie - Rôle: Administrateur | EventID=61bc6700-38f6-4944-9a8c-a69fdfc2fd94
[2026-08-29 21:19:30] [USER_LOGIN] User=Système Administrateur (1) | Connexion réussie - Rôle: Administrateur | EventID=ae686101-5423-4eb0-8087-3878c9de4674
[2026-08-29 21:26:52] [USER_LOGIN] User=Système Administrateur (1) | Connexion réussie - Rôle: Administrateur | EventID=ec10503c-43db-48e5-a0d9-6e1b0e44f4f3
[2026-08-29 21:33:31] [USER_LOGIN] User=Système Administrateur (1) | Connexion réussie - Rôle: Administrateur | EventID=8da5db3e-667d-40b6-af88-07ba2989e044
[2026-08-29 21:35:30] [USER_LOGOUT] User=Système Administrateur (1) | Déconnexion | EventID=183a93c6-ae67-47c2-8fb0-e9a00beec34c
[2026-08-29 21:35:59] [USER_LOGIN] User=Système Administrateur (1) | Connexion réussie - Rôle: Administrateur | EventID=fcb5da39-d28a-42f3-ac10-9b22d26d35bc
[2026-08-29 21:38:02] [USER_LOGIN] User=Système Administrateur (1) | Connexion réussie - Rôle: Administrateur | EventID=2b89c83c-1143-476f-8961-10b981f523a2
[2026-08-29 21:45:22] [USER_LOGOUT] User=Système Administrateur (1) | Déconnexion | EventID=3a464e7e-13a7-4acd-88f1-ae1a61ba8ac6
[2026-08-29 21:50:09] [USER_LOGIN] User=Système Administrateur (1) | Connexion réussie - Rôle: Administrateur | EventID=20e4b9fd-ffcb-4495-b675-b64f75dce23e
